vite v5.4.21 building for production...
transforming...
(node:106121) [MODULE_TYPELESS_PACKAGE_JSON] Warning: Module type of file:///home/tester/hisubtory-cloud-native/web-service/postcss.config.js is not specified and it doesn't parse as CommonJS.
Reparsing as ES module because module syntax was detected. This incurs a performance overhead.
To eliminate this warning, add "type": "module" to /home/tester/hisubtory-cloud-native/web-service/package.json.
(Use `node --trace-warnings ...` to show where the warning was created)
✓ 3 modules transformed.
x Build failed in 321ms
error during build:
[vite:css] [postcss] /home/tester/hisubtory-cloud-native/web-service/src/index.css:119:1: `@layer base` is used but no matching `@tailwind base` directive is present.
file: /home/tester/hisubtory-cloud-native/web-service/src/index.css:119:0
    at Input.error (/home/tester/hisubtory-cloud-native/web-service/node_modules/postcss/lib/input.js:135:16)
    at AtRule.error (/home/tester/hisubtory-cloud-native/web-service/node_modules/postcss/lib/node.js:146:32)
    at normalizeTailwindDirectives (/home/tester/hisubtory-cloud-native/web-service/node_modules/tailwindcss/lib/lib/normalizeTailwindDirectives.js:72:32)
    at /home/tester/hisubtory-cloud-native/web-service/node_modules/tailwindcss/lib/processTailwindFeatures.js:29:98
    at plugins (/home/tester/hisubtory-cloud-native/web-service/node_modules/tailwindcss/lib/plugin.js:38:69)
    at LazyResult.runOnRoot (/home/tester/hisubtory-cloud-native/web-service/node_modules/postcss/lib/lazy-result.js:361:16)
    at LazyResult.runAsync (/home/tester/hisubtory-cloud-native/web-service/node_modules/postcss/lib/lazy-result.js:290:26)
    at LazyResult.async (/home/tester/hisubtory-cloud-native/web-service/node_modules/postcss/lib/lazy-result.js:192:30)
    at LazyResult.then (/home/tester/hisubtory-cloud-native/web-service/node_modules/postcss/lib/lazy-result.js:436:17)
